<?xml version="1.0" encoding="utf-8"?>
<LinearLayout xmlns:android="http://schemas.android.com/apk/res/android"
    android:orientation="vertical" android:layout_width="match_parent"
    android:layout_height="match_parent"
    android:weightSum="1">

    <TextView
        android:text="Results"
        android:layout_width="match_parent"
        android:layout_height="wrap_content"
        android:id="@+id/textView5"
        android:layout_weight="1" />

    <Button
        android:text="Save"
        android:layout_width="match_parent"
        android:layout_height="wrap_content"
        android:id="@+id/button5" />
</LinearLayout>